10
20
30
100
13
7
30
3.3333333333333335
1
1024
true
false
true
false
true
false
true
false
true
false
false
true
hello world
53
2
15
1.6666666666666667
2
1
true
false
false
false
true
false
number
string
boolean
object
undefined
object
object
function
null
undefined
NaN
Infinity
-Infinity
yes
no
bigger
5
3
9
3
1